
> frontend@0.0.0 build
> tsc -b && vite build

src/context/AuthContext.tsx(2,10): error TS1484: 'User' is a type and must be imported using a type-only import when 'verbatimModuleSyntax' is enabled.
src/pages/Categories.tsx(4,10): error TS1484: 'Category' is a type and must be imported using a type-only import when 'verbatimModuleSyntax' is enabled.
src/pages/Login.tsx(2,1): error TS6133: 'useForm' is declared but its value is never read.
src/pages/Login.tsx(2,25): error TS2307: Cannot find module 'react-form' or its corresponding type declarations.
src/pages/ProductForm.tsx(5,10): error TS1484: 'Category' is a type and must be imported using a type-only import when 'verbatimModuleSyntax' is enabled.
src/pages/ProductForm.tsx(5,20): error TS1484: 'Product' is a type and must be imported using a type-only import when 'verbatimModuleSyntax' is enabled.
src/pages/Products.tsx(4,10): error TS1484: 'Product' is a type and must be imported using a type-only import when 'verbatimModuleSyntax' is enabled.
src/pages/Products.tsx(4,19): error TS1484: 'Category' is a type and must be imported using a type-only import when 'verbatimModuleSyntax' is enabled.
src/pages/Products.tsx(4,29): error TS1484: 'PaginatedResponse' is a type and must be imported using a type-only import when 'verbatimModuleSyntax' is enabled.
src/pages/Register.tsx(3,16): error TS6133: 'useNavigate' is declared but its value is never read.
src/pages/Register.tsx(8,58): error TS6133: 'watch' is declared but its value is never read.
